12:22:20 **** Build of configuration Debug for project Practica4 ****
cs-make all 
'Building file: ../init.asm'
'Invoking: ARM Sourcery Windows GCC Assembler'
arm-none-eabi-gcc -x assembler-with-cpp -Wall -Wa,-adhlns="init.o.lst" -c -fmessage-length=0 -MMD -MP -MF"init.d" -MT"init.d" -mcpu=arm7tdmi -g3 -gdwarf-2 -o "init.o" "../init.asm"
'Finished building: ../init.asm'
' '
'Building file: ../lena128.c'
'Invoking: ARM Sourcery Windows GCC C Compiler'
arm-none-eabi-gcc -O0 -Wall -Wa,-adhlns="lena128.o.lst" -c -fmessage-length=0 -mapcs-frame -MMD -MP -MF"lena128.d" -MT"lena128.d" -mcpu=arm7tdmi -g3 -gdwarf-2 -o "lena128.o" "../lena128.c"
'Finished building: ../lena128.c'
' '
'Building file: ../main.c'
'Invoking: ARM Sourcery Windows GCC C Compiler'
arm-none-eabi-gcc -O0 -Wall -Wa,-adhlns="main.o.lst" -c -fmessage-length=0 -mapcs-frame -MMD -MP -MF"main.d" -MT"main.d" -mcpu=arm7tdmi -g3 -gdwarf-2 -o "main.o" "../main.c"
'Finished building: ../main.c'
' '
'Building file: ../rutinas_asm.asm'
'Invoking: ARM Sourcery Windows GCC Assembler'
arm-none-eabi-gcc -x assembler-with-cpp -Wall -Wa,-adhlns="rutinas_asm.o.lst" -c -fmessage-length=0 -MMD -MP -MF"rutinas_asm.d" -MT"rutinas_asm.d" -mcpu=arm7tdmi -g3 -gdwarf-2 -o "rutinas_asm.o" "../rutinas_asm.asm"
'Finished building: ../rutinas_asm.asm'
' '
'Building file: ../trafo.c'
'Invoking: ARM Sourcery Windows GCC C Compiler'
arm-none-eabi-gcc -O0 -Wall -Wa,-adhlns="trafo.o.lst" -c -fmessage-length=0 -mapcs-frame -MMD -MP -MF"trafo.d" -MT"trafo.d" -mcpu=arm7tdmi -g3 -gdwarf-2 -o "trafo.o" "../trafo.c"
'Finished building: ../trafo.c'
' '
'Building target: Practica4.elf'
'Invoking: ARM Sourcery Windows GCC C Linker'
arm-none-eabi-gcc -T"C:\Universidad\FC\ARM\Practica4\ld_script.ld" -nostartfiles -Wl,-Map,Practica4.map -mcpu=arm7tdmi -g3 -gdwarf-2 -o "Practica4.elf"  ./init.o ./lena128.o ./main.o ./rutinas_asm.o ./trafo.o   
'Finished building target: Practica4.elf'
' '
'Invoking: ARM Sourcery Windows GNU Create Flash Image'
arm-none-eabi-objcopy -O binary Practica4.elf  "Practica4.hex"
'Finished building: Practica4.hex'
' '
'Invoking: ARM Sourcery Windows GNU Create Listing'
arm-none-eabi-objdump -h -S Practica4.elf > "Practica4.lst"
'Finished building: Practica4.lst'
' '
'Invoking: ARM Sourcery Windows GNU Print Size'
arm-none-eabi-size  --format=berkeley Practica4.elf
   text	   data	    bss	    dec	    hex	filename
   1704	  49168	  82048	 132920	  20738	Practica4.elf
'Finished building: Practica4.siz'
' '

12:22:23 Build Finished (took 3s.206ms)

