
Allocating common symbols
Common symbol       size              file

imagenRGB           0xc000            ./main.o
imagenBinaria       0x4000            ./main.o
blancosPorFila      0x80              ./main.o
imagenGris          0x4000            ./main.o

Memory Configuration

Name             Origin             Length             Attributes
*default*        0x00000000         0xffffffff

Linker script and memory map

LOAD ./init.o
LOAD ./lena128.o
LOAD ./main.o
LOAD ./rutinas_asm.o
LOAD ./trafo.o
START GROUP
LOAD c:/universidad/fc/software/eclipsearm/sourcery-g++-lite-arm-2011.03/bin/../lib/gcc/arm-none-eabi/4.5.2\libgcc.a
LOAD c:/universidad/fc/software/eclipsearm/sourcery-g++-lite-arm-2011.03/bin/../lib/gcc/arm-none-eabi/4.5.2/../../../../arm-none-eabi/lib\libc.a
END GROUP
                0x0c000000                . = 0xc000000

.data           0x0c000000     0xc000
 *(.data)
 .data          0x0c000000        0x0 ./init.o
 .data          0x0c000000     0xc000 ./lena128.o
                0x0c000000                lena128
 .data          0x0c00c000        0x0 ./main.o
 .data          0x0c00c000        0x0 ./rutinas_asm.o
 .data          0x0c00c000        0x0 ./trafo.o
 *(.rodata)

.bss            0x0c00c000    0x14080
 *(.bss)
 .bss           0x0c00c000        0x0 ./init.o
 .bss           0x0c00c000        0x0 ./lena128.o
 .bss           0x0c00c000        0x0 ./main.o
 .bss           0x0c00c000        0x0 ./rutinas_asm.o
 .bss           0x0c00c000        0x0 ./trafo.o
 *(COMMON)
 COMMON         0x0c00c000    0x14080 ./main.o
                0x0c00c000                imagenRGB
                0x0c018000                imagenBinaria
                0x0c01c000                blancosPorFila
                0x0c01c080                imagenGris

.text           0x0c020080      0x278
 *(.text)
 .text          0x0c020080       0x14 ./init.o
                0x0c020080                start
 .text          0x0c020094        0x0 ./lena128.o
 .text          0x0c020094       0xe0 ./main.o
                0x0c020094                initRGB
                0x0c020110                main
 .text          0x0c020174       0x2c ./rutinas_asm.o
                0x0c020174                rgb2gray
 .text          0x0c0201a0      0x158 ./trafo.o
                0x0c0201a0                RGB2GrayMatrix
                0x0c020224                Gray2BinaryMatrix
                0x0c020284                contarBlancos
                0x0c0202f8                PROVIDE (end, .)
                0x0c7ff000                PROVIDE (_stack, 0xc7ff000)
OUTPUT(Practica4Original.elf elf32-littlearm)

.glue_7         0x0c0202f8        0x0
 .glue_7        0x00000000        0x0 linker stubs

.glue_7t        0x0c0202f8        0x0
 .glue_7t       0x00000000        0x0 linker stubs

.vfp11_veneer   0x0c0202f8        0x0
 .vfp11_veneer  0x00000000        0x0 linker stubs

.v4_bx          0x0c0202f8        0x0
 .v4_bx         0x00000000        0x0 linker stubs

.ARM.attributes
                0x00000000       0x2e
 .ARM.attributes
                0x00000000       0x22 ./init.o
 .ARM.attributes
                0x00000022       0x32 ./lena128.o
 .ARM.attributes
                0x00000054       0x32 ./main.o
 .ARM.attributes
                0x00000086       0x22 ./rutinas_asm.o
 .ARM.attributes
                0x000000a8       0x32 ./trafo.o

.comment        0x00000000       0x2a
 .comment       0x00000000       0x2a ./lena128.o
                                 0x2b (size before relaxing)
 .comment       0x00000000       0x2b ./main.o
 .comment       0x00000000       0x2b ./trafo.o

.debug_line     0x00000000      0x501
 .debug_line    0x00000000       0x3e ./init.o
 .debug_line    0x0000003e       0x3d ./lena128.o
 .debug_line    0x0000007b      0x38e ./main.o
 .debug_line    0x00000409       0x49 ./rutinas_asm.o
 .debug_line    0x00000452       0xaf ./trafo.o

.debug_info     0x00000000      0x4d5
 .debug_info    0x00000000       0x63 ./init.o
 .debug_info    0x00000063       0x5b ./lena128.o
 .debug_info    0x000000be      0x1fe ./main.o
 .debug_info    0x000002bc       0x6a ./rutinas_asm.o
 .debug_info    0x00000326      0x1af ./trafo.o

.debug_abbrev   0x00000000      0x216
 .debug_abbrev  0x00000000       0x14 ./init.o
 .debug_abbrev  0x00000014       0x44 ./lena128.o
 .debug_abbrev  0x00000058       0xe5 ./main.o
 .debug_abbrev  0x0000013d       0x14 ./rutinas_asm.o
 .debug_abbrev  0x00000151       0xc5 ./trafo.o

.debug_aranges  0x00000000       0x80
 .debug_aranges
                0x00000000       0x20 ./init.o
 .debug_aranges
                0x00000020       0x20 ./main.o
 .debug_aranges
                0x00000040       0x20 ./rutinas_asm.o
 .debug_aranges
                0x00000060       0x20 ./trafo.o

.debug_macinfo  0x00000000     0x8da8
 .debug_macinfo
                0x00000000     0x210d ./lena128.o
 .debug_macinfo
                0x0000210d     0x4b70 ./main.o
 .debug_macinfo
                0x00006c7d     0x212b ./trafo.o

.debug_pubnames
                0x00000000       0xd4
 .debug_pubnames
                0x00000000       0x1e ./lena128.o
 .debug_pubnames
                0x0000001e       0x69 ./main.o
 .debug_pubnames
                0x00000087       0x4d ./trafo.o

.debug_str      0x00000000      0x150
 .debug_str     0x00000000       0x5d ./lena128.o
                                 0x6a (size before relaxing)
 .debug_str     0x0000005d       0xa1 ./main.o
                                0x12a (size before relaxing)
 .debug_str     0x000000fe       0x52 ./trafo.o
                                 0xbd (size before relaxing)

.debug_loc      0x00000000      0x1fd
 .debug_loc     0x00000000       0x74 ./main.o
 .debug_loc     0x00000074      0x189 ./trafo.o

.debug_pubtypes
                0x00000000       0x60
 .debug_pubtypes
                0x00000000       0x30 ./main.o
 .debug_pubtypes
                0x00000030       0x30 ./trafo.o

.debug_frame    0x00000000       0xd8
 .debug_frame   0x00000000       0x5c ./main.o
 .debug_frame   0x0000005c       0x7c ./trafo.o
