
Allocating common symbols
Common symbol       size              file

imagenRGB           0xc000            ./main.o
imagenBinaria       0x4000            ./main.o
blancosPorFila      0x80              ./main.o
imagenGris          0x4000            ./main.o

Memory Configuration

Name             Origin             Length             Attributes
*default*        0x00000000         0xffffffff

Linker script and memory map

LOAD ./init.o
LOAD ./lena128.o
LOAD ./main.o
LOAD ./rutinas_asm.o
LOAD ./trafo.o
START GROUP
LOAD c:/universidad/fc/software/eclipsearm/sourcery-g++-lite-arm-2011.03/bin/../lib/gcc/arm-none-eabi/4.5.2\libgcc.a
LOAD c:/universidad/fc/software/eclipsearm/sourcery-g++-lite-arm-2011.03/bin/../lib/gcc/arm-none-eabi/4.5.2/../../../../arm-none-eabi/lib\libc.a
END GROUP
                0x0c000000                . = 0xc000000

.data           0x0c000000     0xc000
 *(.data)
 .data          0x0c000000        0x0 ./init.o
 .data          0x0c000000     0xc000 ./lena128.o
                0x0c000000                lena128
 .data          0x0c00c000        0x0 ./main.o
 .data          0x0c00c000        0x0 ./rutinas_asm.o
 .data          0x0c00c000        0x0 ./trafo.o
 *(.rodata)

.bss            0x0c00c000    0x14080
 *(.bss)
 .bss           0x0c00c000        0x0 ./init.o
 .bss           0x0c00c000        0x0 ./lena128.o
 .bss           0x0c00c000        0x0 ./main.o
 .bss           0x0c00c000        0x0 ./rutinas_asm.o
 .bss           0x0c00c000        0x0 ./trafo.o
 *(COMMON)
 COMMON         0x0c00c000    0x14080 ./main.o
                0x0c00c000                imagenRGB
                0x0c018000                imagenBinaria
                0x0c01c000                blancosPorFila
                0x0c01c080                imagenGris

.text           0x0c020080      0x1d4
 *(.text)
 .text          0x0c020080       0x14 ./init.o
                0x0c020080                start
 .text          0x0c020094        0x0 ./lena128.o
 .text          0x0c020094       0xe0 ./main.o
                0x0c020094                initRGB
                0x0c020110                main
 .text          0x0c020174        0x4 ./rutinas_asm.o
                0x0c020174                RGB2GrayMatrix
 .text          0x0c020178       0xdc ./trafo.o
                0x0c020178                Gray2BinaryMatrix
                0x0c0201d8                rgb2gray
                0x0c0201e0                contarBlancos
                0x0c020254                PROVIDE (end, .)
                0x0c7ff000                PROVIDE (_stack, 0xc7ff000)
OUTPUT(Practica4.elf elf32-littlearm)

.glue_7         0x0c020254        0x0
 .glue_7        0x00000000        0x0 linker stubs

.glue_7t        0x0c020254        0x0
 .glue_7t       0x00000000        0x0 linker stubs

.vfp11_veneer   0x0c020254        0x0
 .vfp11_veneer  0x00000000        0x0 linker stubs

.v4_bx          0x0c020254        0x0
 .v4_bx         0x00000000        0x0 linker stubs

.ARM.attributes
                0x00000000       0x2e
 .ARM.attributes
                0x00000000       0x22 ./init.o
 .ARM.attributes
                0x00000022       0x32 ./lena128.o
 .ARM.attributes
                0x00000054       0x32 ./main.o
 .ARM.attributes
                0x00000086       0x22 ./rutinas_asm.o
 .ARM.attributes
                0x000000a8       0x32 ./trafo.o

.comment        0x00000000       0x2a
 .comment       0x00000000       0x2a ./lena128.o
                                 0x2b (size before relaxing)
 .comment       0x00000000       0x2b ./main.o
 .comment       0x00000000       0x2b ./trafo.o

.debug_line     0x00000000      0x4cc
 .debug_line    0x00000000       0x3e ./init.o
 .debug_line    0x0000003e       0x3d ./lena128.o
 .debug_line    0x0000007b      0x38e ./main.o
 .debug_line    0x00000409       0x42 ./rutinas_asm.o
 .debug_line    0x0000044b       0x81 ./trafo.o

.debug_info     0x00000000      0x47b
 .debug_info    0x00000000       0x5b ./init.o
 .debug_info    0x0000005b       0x5b ./lena128.o
 .debug_info    0x000000b6      0x1fe ./main.o
 .debug_info    0x000002b4       0x62 ./rutinas_asm.o
 .debug_info    0x00000316      0x165 ./trafo.o

.debug_abbrev   0x00000000      0x224
 .debug_abbrev  0x00000000       0x14 ./init.o
 .debug_abbrev  0x00000014       0x44 ./lena128.o
 .debug_abbrev  0x00000058       0xe5 ./main.o
 .debug_abbrev  0x0000013d       0x14 ./rutinas_asm.o
 .debug_abbrev  0x00000151       0xd3 ./trafo.o

.debug_aranges  0x00000000       0x80
 .debug_aranges
                0x00000000       0x20 ./init.o
 .debug_aranges
                0x00000020       0x20 ./main.o
 .debug_aranges
                0x00000040       0x20 ./rutinas_asm.o
 .debug_aranges
                0x00000060       0x20 ./trafo.o

.debug_macinfo  0x00000000     0x8da9
 .debug_macinfo
                0x00000000     0x210e ./lena128.o
 .debug_macinfo
                0x0000210e     0x4b70 ./main.o
 .debug_macinfo
                0x00006c7e     0x212b ./trafo.o

.debug_pubnames
                0x00000000       0xce
 .debug_pubnames
                0x00000000       0x1e ./lena128.o
 .debug_pubnames
                0x0000001e       0x69 ./main.o
 .debug_pubnames
                0x00000087       0x47 ./trafo.o

.debug_str      0x00000000      0x148
 .debug_str     0x00000000       0x55 ./lena128.o
                                 0x62 (size before relaxing)
 .debug_str     0x00000055       0xa1 ./main.o
                                0x122 (size before relaxing)
 .debug_str     0x000000f6       0x52 ./trafo.o
                                 0x9f (size before relaxing)

.debug_loc      0x00000000      0x18b
 .debug_loc     0x00000000       0x74 ./main.o
 .debug_loc     0x00000074      0x117 ./trafo.o

.debug_pubtypes
                0x00000000       0x42
 .debug_pubtypes
                0x00000000       0x30 ./main.o
 .debug_pubtypes
                0x00000030       0x12 ./trafo.o

.debug_frame    0x00000000       0xb4
 .debug_frame   0x00000000       0x5c ./main.o
 .debug_frame   0x0000005c       0x58 ./trafo.o
